
> frontend@0.0.0 build
> tsc -b && vite build

src/App.tsx(2,66): error TS2307: Cannot find module 'react-router-dom' or its corresponding type declarations.
src/App.tsx(33,43): error TS2304: Cannot find name 'Devices'.
src/App.tsx(34,46): error TS2304: Cannot find name 'Attendance'.
src/components/Layout.tsx(1,1): error TS6133: 'React' is declared but its value is never read.
src/components/Layout.tsx(2,46): error TS2307: Cannot find module 'react-router-dom' or its corresponding type declarations.
src/components/Layout.tsx(13,8): error TS2307: Cannot find module 'lucide-react' or its corresponding type declarations.
src/components/Layout.tsx(54,43): error TS7031: Binding element 'isActive' implicitly has an 'any' type.
src/context/AuthContext.tsx(1,8): error TS6133: 'React' is declared but its value is never read.
src/context/AuthContext.tsx(1,54): error TS1484: 'ReactNode' is a type and must be imported using a type-only import when 'verbatimModuleSyntax' is enabled.
src/pages/Attendance.tsx(1,8): error TS6133: 'React' is declared but its value is never read.
src/pages/Attendance.tsx(3,88): error TS2307: Cannot find module 'lucide-react' or its corresponding type declarations.
src/pages/Attendance.tsx(211,27): error TS2307: Cannot find module 'lucide-react' or its corresponding type declarations.
src/pages/Devices.tsx(1,8): error TS6133: 'React' is declared but its value is never read.
src/pages/Devices.tsx(3,78): error TS2307: Cannot find module 'lucide-react' or its corresponding type declarations.
src/pages/Login.tsx(3,41): error TS2307: Cannot find module 'lucide-react' or its corresponding type declarations.
src/pages/Simulator.tsx(3,62): error TS2307: Cannot find module 'lucide-react' or its corresponding type declarations.
src/pages/Simulator.tsx(42,66): error TS6133: 'i' is declared but its value is never read.
